{
  "headers": "Authorization: None",
  "url": "http://localhost/object.zip"
}
